[2m3:31:00 PM[22m [36m[1m[vite][22m[39m [90m[2m(client)[22m[39m Forced re-optimization of dependencies

  [32m[1mVITE[22m v6.4.1[39m  [2mready in [0m[1m1014[22m[2m[0m ms[22m

  [32mΓ₧£[39m  [1mLocal[22m:   [36mhttp://localhost:[1m5173[22m/[39m
  [32mΓ₧£[39m  [1mNetwork[22m: [36mhttp://192.168.1.11:[1m5173[22m/[39m
[2m[32m  Γ₧£[39m[22m[2m  press [22m[1mh + enter[22m[2m to show help[22m
npx : X [ERROR] No 
matching export in "n
ode_modules/react-nat
ive-web/dist/index.js
" for import 
"TurboModuleRegistry"
At line:1 char:1
+ npx vite --force > 
build_output.txt 2>&1
+ ~~~~~~~~~~~~~~~~~~~
~~~~~~~~~~~~~~~~~~~~~
    + CategoryInfo   
           : NotSpe  
  cified: (X [ERRO   
 R] No ma...Modul    
eRegistry":Strin    
g) [], RemoteExc    
eption
    + FullyQualified 
   ErrorId : Native  
  CommandError
 

    node_modules/expo
-modules-core/src/req
uireNativeModule.ts:1
:9:
      1 Γöé import { 
TurboModuleRegistry 
} from 
'react-native';
        Γò╡          
~~~~~~~~~~~~~~~~~~~

X [ERROR] No 
matching export in "n
ode_modules/react-nat
ive-web/dist/index.js
" for import 
"TurboModuleRegistry"

    node_modules/reac
t-native-svg/lib/modu
le/fabric/NativeSvgRe
nderableModule.js:4:9
:
      4 Γöé import { 
TurboModuleRegistry 
} from 
'react-native';
        Γò╡          
~~~~~~~~~~~~~~~~~~~

X [ERROR] No 
matching export in "n
ode_modules/react-nat
ive-web/dist/index.js
" for import 
"TurboModuleRegistry"

    node_modules/reac
t-native-svg/lib/modu
le/fabric/NativeSvgVi
ewModule.js:4:9:
      4 Γöé import { 
TurboModuleRegistry 
} from 
'react-native';
        Γò╡          
~~~~~~~~~~~~~~~~~~~

C:\Users\Dell\Downloa
ds\padhoyaar2\node_mo
dules\esbuild\lib\mai
n.js:1467
  let error = new 
Error(text);
              ^

Error: Build failed 
with 3 errors:
node_modules/expo-mod
ules-core/src/require
NativeModule.ts:1:9: 
ERROR: No matching 
export in "node_modul
es/react-native-web/d
ist/index.js" for 
import 
"TurboModuleRegistry"
node_modules/react-na
tive-svg/lib/module/f
abric/NativeSvgRender
ableModule.js:4:9: 
ERROR: No matching 
export in "node_modul
es/react-native-web/d
ist/index.js" for 
import 
"TurboModuleRegistry"
node_modules/react-na
tive-svg/lib/module/f
abric/NativeSvgViewMo
dule.js:4:9: ERROR: 
No matching export 
in "node_modules/reac
t-native-web/dist/ind
ex.js" for import 
"TurboModuleRegistry"
    at 
failureErrorWithLog (
C:\Users\Dell\Downloa
ds\padhoyaar2\node_mo
dules\esbuild\lib\mai
n.js:1467:15)
    at C:\Users\Dell\
Downloads\padhoyaar2\
node_modules\esbuild\
lib\main.js:926:25
    at C:\Users\Dell\
Downloads\padhoyaar2\
node_modules\esbuild\
lib\main.js:1345:9
    at process.proces
sTicksAndRejections (
node:internal/process
/task_queues:95:5) {
  errors: 
[Getter/Setter],
  warnings: 
[Getter/Setter]
}

Node.js v20.20.0
